\BOOKMARK [1][-]{Doc-Start}{\376\377\000M\000a\000t\000h\000e\000m\000a\000t\000i\000c\000a\000l\000-\000s\000t\000a\000t\000u\000s\000\040\000l\000o\000c\000k\000\040\000a\000n\000d\000\040\000L\000e\000a\000n\000\040\000s\000u\000p\000p\000o\000r\000t\000\040\000b\000o\000u\000n\000d\000a\000r\000y}{}% 1
\BOOKMARK [1][-]{Doc-Start}{\376\377\000R\000e\000a\000d\000\040\000t\000h\000i\000s\000\040\000f\000i\000r\000s\000t\000:\000\040\000e\000n\000d\000p\000o\000i\000n\000t\000\040\000p\000r\000o\000o\000f\000\040\000s\000p\000i\000n\000e}{}% 2
\BOOKMARK [1][-]{section.1}{\376\377\000P\000r\000o\000o\000f\000-\000c\000l\000a\000s\000s\000,\000\040\000c\000l\000a\000i\000m\000-\000c\000l\000a\000s\000s\000,\000\040\000a\000n\000d\000\040\000e\000n\000d\000p\000o\000i\000n\000t\000\040\000l\000o\000c\000k\000s}{}% 3
\BOOKMARK [2][-]{subsection.1.1}{\376\377\000P\000r\000o\000o\000f\000-\000c\000l\000a\000s\000s\000\040\000l\000o\000c\000k}{section.1}% 4
\BOOKMARK [2][-]{subsection.1.2}{\376\377\000C\000l\000a\000i\000m\000-\000c\000l\000a\000s\000s\000\040\000l\000o\000c\000k}{section.1}% 5
\BOOKMARK [2][-]{subsection.1.3}{\376\377\000E\000n\000d\000p\000o\000i\000n\000t\000\040\000l\000a\000y\000e\000r\000s}{section.1}% 6
\BOOKMARK [1][-]{section.2}{\376\377\000O\000f\000f\000i\000c\000i\000a\000l\000\040\000B\000S\000D\000\040\000e\000n\000d\000p\000o\000i\000n\000t\000\040\000a\000n\000d\000\040\000f\000i\000x\000e\000d\000\040\000c\000a\000r\000r\000i\000e\000r}{}% 7
\BOOKMARK [2][-]{subsection.2.1}{\376\377\000R\000a\000n\000k\000\040\000e\000n\000d\000p\000o\000i\000n\000t}{section.2}% 8
\BOOKMARK [2][-]{subsection.2.2}{\376\377\000R\000e\000f\000i\000n\000e\000d\000\040\000e\000n\000d\000p\000o\000i\000n\000t}{section.2}% 9
\BOOKMARK [2][-]{subsection.2.3}{\376\377\000F\000i\000x\000e\000d\000\040\000B\000S\000D\000\040\000c\000a\000r\000r\000i\000e\000r}{section.2}% 10
\BOOKMARK [1][-]{section.3}{\376\377\000K\000e\000r\000n\000e\000l\000\040\000n\000e\000c\000e\000s\000s\000i\000t\000y\000\040\000a\000n\000d\000\040\000d\000e\000p\000e\000n\000d\000e\000n\000c\000y\000\040\000o\000r\000d\000e\000r}{}% 11
\BOOKMARK [2][-]{subsection.3.1}{\376\377\000K\000e\000r\000n\000e\000l\000-\000n\000e\000u\000t\000r\000a\000l\000\040\000e\000n\000d\000p\000o\000i\000n\000t\000\040\000a\000d\000e\000q\000u\000a\000c\000y}{section.3}% 12
\BOOKMARK [2][-]{subsection.3.2}{\376\377\000B\000S\000D\000\040\000k\000e\000r\000n\000e\000l\000\040\000r\000o\000l\000e\000\040\000p\000a\000c\000k\000e\000t}{section.3}% 13
\BOOKMARK [2][-]{subsection.3.3}{\376\377\000I\000m\000p\000o\000r\000t\000e\000d\000\040\000k\000e\000r\000n\000e\000l\000\040\000c\000o\000n\000s\000e\000q\000u\000e\000n\000c\000e\000s\000\040\000i\000n\000\040\000l\000o\000c\000a\000l\000\040\000B\000S\000D\000\040\000f\000o\000r\000m}{section.3}% 14
\BOOKMARK [2][-]{subsection.3.4}{\376\377\000W\000e\000a\000k\000e\000n\000i\000n\000g\000-\000r\000e\000s\000i\000s\000t\000a\000n\000c\000e\000\040\000o\000f\000\040\000t\000h\000e\000\040\000l\000o\000c\000a\000l\000\040\000B\000S\000D\000\040\000k\000e\000r\000n\000e\000l\000\040\000p\000a\000c\000k\000e\000t}{section.3}% 15
\BOOKMARK [1][-]{section.4}{\376\377\000B\000S\000D\000\040\000c\000a\000r\000r\000i\000e\000r\000\040\000a\000d\000e\000q\000u\000a\000c\000y\000\040\000p\000a\000c\000k\000e\000t}{}% 16
\BOOKMARK [1][-]{section.5}{\376\377\000B\000S\000D\000\040\000r\000a\000n\000k\000\040\000c\000o\000r\000r\000e\000s\000p\000o\000n\000d\000e\000n\000c\000e\000\040\000b\000r\000i\000d\000g\000e\000s}{}% 17
\BOOKMARK [1][-]{section.6}{\376\377\000A\000T\000S\000\040\000a\000n\000d\000\040\000U\000E\000A\000P\000\040\000a\000u\000d\000i\000t\000\040\000o\000f\000\040\000r\000a\000n\000k\000\040\000m\000i\000s\000m\000a\000t\000c\000h\000\040\000u\000s\000e}{}% 18
\BOOKMARK [1][-]{section.7}{\376\377\000M\000i\000s\000m\000a\000t\000c\000h\000-\000u\000s\000e\000\040\000c\000l\000a\000s\000s\000i\000f\000i\000c\000a\000t\000i\000o\000n\000\040\000a\000n\000d\000\040\000e\000n\000d\000p\000o\000i\000n\000t\000\040\000g\000o\000v\000e\000r\000n\000a\000n\000c\000e}{}% 19
\BOOKMARK [1][-]{section.8}{\376\377\000R\000a\000n\000k\000\040\000m\000i\000s\000m\000a\000t\000c\000h\000\040\000a\000s\000\040\000i\000n\000d\000e\000p\000e\000n\000d\000e\000n\000t\000\040\000t\000h\000e\000o\000r\000e\000m\000-\000l\000e\000v\000e\000l\000\040\000d\000i\000s\000c\000r\000i\000m\000i\000n\000a\000t\000o\000r}{}% 20
\BOOKMARK [1][-]{section.9}{\376\377\000N\000o\000\040\000i\000n\000d\000e\000p\000e\000n\000d\000e\000n\000t\000\040\000B\000S\000D\000\040\000r\000a\000n\000k\000\040\000d\000i\000s\000c\000r\000i\000m\000i\000n\000a\000t\000o\000r}{}% 21
\BOOKMARK [1][-]{section.10}{\376\377\000L\000o\000c\000a\000l\000\040\000r\000e\000d\000u\000c\000t\000i\000o\000\040\000e\000n\000g\000i\000n\000e\000\040\000a\000n\000d\000\040\000r\000a\000n\000k\000\040\000e\000n\000d\000p\000o\000i\000n\000t\000\040\000c\000l\000o\000s\000e\000o\000u\000t}{}% 22
\BOOKMARK [1][-]{section.11}{\376\377\000R\000a\000n\000k\000\040\000e\000q\000u\000a\000l\000i\000t\000y\000\040\000e\000n\000d\000p\000o\000i\000n\000t}{}% 23
\BOOKMARK [1][-]{section.12}{\376\377\000O\000f\000f\000i\000c\000i\000a\000l\000\040\000B\000S\000D\000\040\000e\000n\000d\000p\000o\000i\000n\000t\000\040\000c\000o\000r\000r\000e\000s\000p\000o\000n\000d\000e\000n\000c\000e}{}% 24
\BOOKMARK [1][-]{section.13}{\376\377\000R\000e\000f\000i\000n\000e\000d\000\040\000f\000o\000r\000m\000u\000l\000a\000\040\000c\000a\000r\000r\000i\000e\000r\000\040\000a\000d\000e\000q\000u\000a\000c\000y}{}% 25
\BOOKMARK [1][-]{section.14}{\376\377\000F\000o\000r\000m\000u\000l\000a\000\040\000m\000i\000s\000m\000a\000t\000c\000h\000\040\000n\000o\000r\000m\000a\000l\000\040\000f\000o\000r\000m\000\040\000a\000n\000d\000\040\000e\000x\000c\000l\000u\000s\000i\000o\000n}{}% 26
\BOOKMARK [1][-]{section.15}{\376\377\000C\000o\000n\000d\000i\000t\000i\000o\000n\000a\000l\000\040\000r\000e\000f\000i\000n\000e\000d\000\040\000B\000S\000D\000\040\000f\000o\000r\000m\000u\000l\000a\000\040\000c\000l\000o\000s\000u\000r\000e}{}% 27
\BOOKMARK [1][-]{section.16}{\376\377\000N\000o\000-\000f\000i\000f\000t\000h\000\040\000B\000S\000D\000\040\000n\000e\000g\000a\000t\000i\000v\000e\000\040\000o\000c\000c\000u\000p\000a\000t\000i\000o\000n}{}% 28
\BOOKMARK [1][-]{section.17}{\376\377\000S\000t\000a\000n\000d\000a\000r\000d\000\040\000B\000S\000D\000\040\000r\000o\000u\000t\000e\000s\000\040\000a\000s\000\040\000e\000n\000d\000p\000o\000i\000n\000t\000\040\000t\000e\000s\000t\000s}{}% 29
\BOOKMARK [1][-]{section.18}{\376\377\000R\000a\000n\000k\000\040\000b\000r\000i\000d\000g\000e\000\040\000c\000e\000r\000t\000i\000f\000i\000c\000a\000t\000e\000\040\000p\000a\000c\000k\000e\000t}{}% 30
\BOOKMARK [1][-]{section.19}{\376\377\000R\000o\000u\000t\000e\000-\000l\000o\000c\000u\000s\000\040\000e\000x\000h\000a\000u\000s\000t\000i\000o\000n\000\040\000f\000o\000r\000\040\000r\000a\000n\000k\000\040\000m\000i\000s\000m\000a\000t\000c\000h}{}% 31
\BOOKMARK [1][-]{section.20}{\376\377\000L\000e\000g\000i\000t\000i\000m\000a\000t\000e\000\040\000a\000r\000i\000t\000h\000m\000e\000t\000i\000c\000\040\000d\000a\000t\000a\000\040\000v\000e\000r\000s\000u\000s\000\040\000f\000o\000r\000b\000i\000d\000d\000e\000n\000\040\000e\000n\000d\000p\000o\000i\000n\000t\000\040\000g\000o\000v\000e\000r\000n\000a\000n\000c\000e}{}% 32
\BOOKMARK [1][-]{section.21}{\376\377\000F\000o\000r\000m\000u\000l\000a\000-\000f\000a\000c\000t\000o\000r\000\040\000a\000d\000e\000q\000u\000a\000c\000y\000\040\000m\000a\000t\000r\000i\000x}{}% 33
\BOOKMARK [1][-]{section.22}{\376\377\000H\000o\000s\000t\000i\000l\000e\000-\000r\000e\000f\000e\000r\000e\000e\000\040\000a\000u\000d\000i\000t}{}% 34
\BOOKMARK [2][-]{subsection.22.1}{\376\377\000W\000r\000o\000n\000g\000-\000m\000o\000d\000e\000\040\000o\000b\000j\000e\000c\000t\000i\000o\000n\000s}{section.22}% 35
\BOOKMARK [2][-]{subsection.22.2}{\376\377\000R\000i\000g\000h\000t\000-\000m\000o\000d\000e\000\040\000o\000b\000j\000e\000c\000t\000i\000o\000n\000s}{section.22}% 36
\BOOKMARK [2][-]{subsection.22.3}{\376\377\000R\000e\000f\000e\000r\000e\000e\000\040\000b\000u\000r\000d\000e\000n\000\040\000w\000o\000r\000k\000s\000h\000e\000e\000t}{section.22}% 37
\BOOKMARK [1][-]{section.23}{\376\377\000M\000a\000i\000n\000\040\000t\000h\000e\000o\000r\000e\000m\000\040\000a\000n\000d\000\040\000c\000o\000n\000c\000l\000u\000s\000i\000o\000n}{}% 38
\BOOKMARK [1][-]{theorem.23.3}{\376\377\000C\000o\000n\000c\000l\000u\000s\000i\000o\000n}{}% 39
\BOOKMARK [1][-]{appendix.A}{\376\377\000A\000n\000t\000i\000-\000C\000i\000r\000c\000u\000l\000a\000r\000i\000t\000y\000\040\000A\000u\000d\000i\000t}{}% 40
\BOOKMARK [1][-]{appendix.B}{\376\377\000T\000h\000e\000o\000r\000e\000m\000\040\000l\000a\000d\000d\000e\000r}{}% 41
\BOOKMARK [1][-]{appendix.C}{\376\377\000C\000l\000a\000i\000m\000-\000s\000t\000a\000t\000u\000s\000\040\000l\000e\000d\000g\000e\000r}{}% 42
\BOOKMARK [1][-]{appendix.D}{\376\377\000L\000e\000a\000n\000\040\0004\000\040\000a\000u\000d\000i\000t\000\040\000a\000p\000p\000e\000n\000d\000i\000x}{}% 43
\BOOKMARK [2][-]{subsection.D.1}{\376\377\000A\000u\000d\000i\000t\000\040\000p\000o\000s\000t\000u\000r\000e\000\040\000a\000n\000d\000\040\000r\000e\000l\000e\000a\000s\000e\000\040\000b\000o\000u\000n\000d\000a\000r\000y}{appendix.D}% 44
\BOOKMARK [2][-]{subsection.D.2}{\376\377\000V\000e\000r\000i\000f\000i\000c\000a\000t\000i\000o\000n\000\040\000c\000o\000m\000m\000a\000n\000d\000s\000\040\000a\000n\000d\000\040\000e\000n\000v\000i\000r\000o\000n\000m\000e\000n\000t}{appendix.D}% 45
\BOOKMARK [2][-]{subsection.D.3}{\376\377\000A\000u\000d\000i\000t\000\040\000h\000a\000n\000d\000o\000f\000f\000\040\000c\000h\000a\000i\000n}{appendix.D}% 46
\BOOKMARK [2][-]{subsection.D.4}{\376\377\000M\000a\000i\000n\000\040\000L\000e\000a\000n\000\040\000a\000n\000c\000h\000o\000r\000s}{appendix.D}% 47
\BOOKMARK [2][-]{subsection.D.5}{\376\377\000R\000e\000f\000i\000n\000e\000d\000\040\000f\000o\000r\000m\000u\000l\000a\000\040\000a\000n\000d\000\040\000t\000r\000u\000t\000h\000-\000b\000o\000u\000n\000d\000a\000r\000y\000\040\000a\000n\000c\000h\000o\000r\000s}{appendix.D}% 48
\BOOKMARK [2][-]{subsection.D.6}{\376\377\000F\000o\000c\000u\000s\000e\000d\000\040\000a\000u\000d\000i\000t\000\040\000b\000o\000u\000n\000d\000a\000r\000y}{appendix.D}% 49
\BOOKMARK [1][-]{appendix.E}{\376\377\000S\000e\000l\000e\000c\000t\000e\000d\000\040\000b\000a\000c\000k\000g\000r\000o\000u\000n\000d\000\040\000r\000e\000f\000e\000r\000e\000n\000c\000e\000s}{}% 50
